1446332383traceroute to 216.244.192.2 (216.244.192.2), 30 hops max, 60 byte packets
 1  172.20.244.10  0.255 ms  0.265 ms  0.264 ms
 2  200.42.4.2  1.554 ms  1.859 ms  2.097 ms
 3  10.101.247.142  0.697 ms  0.711 ms  0.711 ms
 4  200.89.164.117  0.711 ms  0.712 ms  0.714 ms
 5  200.89.165.105  4.230 ms  4.237 ms  4.237 ms
 6  200.89.165.86  6.889 ms  6.567 ms  6.544 ms
 7  185.70.203.72  12.236 ms  31.586 ms  31.590 ms
 8  195.22.220.133  2.364 ms  2.363 ms  2.432 ms
 9  185.70.203.9  1.656 ms  1.541 ms  1.558 ms
10  84.16.15.5  1.821 ms  1.754 ms  1.792 ms
11  213.140.39.119  3.118 ms  3.129 ms  3.085 ms
12  200.63.152.129  2.849 ms  2.547 ms  2.613 ms
13  200.63.152.130  2.653 ms  2.786 ms  2.924 ms
14  216.244.192.2  2.770 ms  2.852 ms  2.854 ms


